[
"datadog_action_connection",
"datadog_agentless_scanning_aws_scan_options",
"datadog_agentless_scanning_azure_scan_options",
"datadog_agentless_scanning_gcp_scan_options",
"datadog_api_key",
"datadog_apm_retention_filter",
"datadog_apm_retention_filter_order",
"datadog_app_builder_app",
"datadog_app_key_registration",
"datadog_application_key",
"datadog_appsec_waf_custom_rule",
"datadog_appsec_waf_exclusion_filter",
"datadog_authn_mapping",
"datadog_aws_cur_config",
"datadog_azure_uc_config",
"datadog_child_organization",
"datadog_cloud_configuration_rule",
"datadog_cloud_inventory_sync_config",
"datadog_cloud_workload_security_agent_rule",
"datadog_compliance_custom_framework",
"datadog_compliance_resource_evaluation_filter",
"datadog_cost_budget",
"datadog_cost_custom_forecast",
"datadog_csm_threats_agent_rule",
"datadog_csm_threats_policy",
"datadog_custom_allocation_rule",
"datadog_custom_allocation_rules",
"datadog_dashboard_json",
"datadog_dashboard_list",
"datadog_dataset",
"datadog_datastore",
"datadog_datastore_item",
"datadog_domain_allowlist",
"datadog_downtime",
"datadog_downtime_schedule",
"datadog_gcp_uc_config",
"datadog_governance_control",
"datadog_incident_notification_rule",
"datadog_incident_notification_template",
"datadog_incident_type",
"datadog_incident_user_defined_field",
"datadog_incident_user_defined_role",
"datadog_integration_aws_account",
"datadog_integration_aws_account_ccm_config",
"datadog_integration_aws_event_bridge",
"datadog_integration_aws_external_id",
"datadog_integration_azure",
"datadog_integration_cloudflare_account",
"datadog_integration_confluent_account",
"datadog_integration_confluent_resource",
"datadog_integration_fastly_account",
"datadog_integration_fastly_service",
"datadog_integration_gcp",
"datadog_integration_gcp_sts",
"datadog_integration_ms_teams_tenant_based_handle",
"datadog_integration_ms_teams_workflows_webhook_handle",
"datadog_integration_opsgenie_service_object",
"datadog_integration_pagerduty",
"datadog_integration_pagerduty_service_object",
"datadog_integration_slack_channel",
"datadog_ip_allowlist",
"datadog_logs_archive",
"datadog_logs_archive_order",
"datadog_logs_custom_destination",
"datadog_logs_custom_pipeline",
"datadog_logs_index",
"datadog_logs_index_order",
"datadog_logs_integration_pipeline",
"datadog_logs_metric",
"datadog_logs_pipeline_order",
"datadog_logs_restriction_query",
"datadog_metric_metadata",
"datadog_metric_tag_configuration",
"datadog_monitor",
"datadog_monitor_config_policy",
"datadog_monitor_json",
"datadog_monitor_notification_rule",
"datadog_observability_pipeline",
"datadog_on_call_escalation_policy",
"datadog_on_call_schedule",
"datadog_on_call_team_routing_rules",
"datadog_on_call_user_notification_channel",
"datadog_on_call_user_notification_rule",
"datadog_org_connection",
"datadog_org_group",
"datadog_org_group_membership",
"datadog_org_group_policy",
"datadog_org_group_policy_override",
"datadog_organization_settings",
"datadog_powerpack",
"datadog_powerpack_v2",
"datadog_reference_table",
"datadog_restriction_policy",
"datadog_role",
"datadog_rum_application",
"datadog_rum_exclusion_filter",
"datadog_rum_metric",
"datadog_rum_retention_filter",
"datadog_rum_retention_quota",
"datadog_saml_idp_metadata",
"datadog_secure_embed_dashboard",
"datadog_security_findings_due_date_rule",
"datadog_security_findings_mute_rule",
"datadog_security_findings_ticket_creation_rule",
"datadog_security_monitoring_critical_asset",
"datadog_security_monitoring_default_rule",
"datadog_security_monitoring_filter",
"datadog_security_monitoring_rule",
"datadog_security_monitoring_rule_json",
"datadog_security_monitoring_suppression",
"datadog_security_notification_rule",
"datadog_sensitive_data_scanner_group",
"datadog_sensitive_data_scanner_group_order",
"datadog_sensitive_data_scanner_rule",
"datadog_service_access_token",
"datadog_service_account",
"datadog_service_account_application_key",
"datadog_service_definition_yaml",
"datadog_service_level_objective",
"datadog_slo_correction",
"datadog_software_catalog",
"datadog_spans_metric",
"datadog_status_page",
"datadog_status_page_component",
"datadog_status_page_degradation_template",
"datadog_status_page_maintenance_template",
"datadog_synthetics_concurrency_cap",
"datadog_synthetics_global_variable",
"datadog_synthetics_private_location",
"datadog_synthetics_suite",
"datadog_synthetics_test",
"datadog_tag_pipeline_ruleset",
"datadog_tag_pipeline_rulesets",
"datadog_tag_rule",
"datadog_team",
"datadog_team_connection",
"datadog_team_hierarchy_links",
"datadog_team_link",
"datadog_team_membership",
"datadog_team_notification_rule",
"datadog_team_permission_setting",
"datadog_team_sync",
"datadog_user",
"datadog_user_role",
"datadog_webhook",
"datadog_webhook_custom_variable",
"datadog_webhook_oauth2_client_credentials",
"datadog_workflow_automation"
]