[
"datadog_api_key",
"datadog_apm_retention_filter",
"datadog_apm_retention_filter_order",
"datadog_application_key",
"datadog_authn_mapping",
"datadog_child_organization",
"datadog_cloud_configuration_rule",
"datadog_cloud_workload_security_agent_rule",
"datadog_dashboard_json",
"datadog_dashboard_list",
"datadog_downtime",
"datadog_downtime_schedule",
"datadog_integration_aws",
"datadog_integration_aws_event_bridge",
"datadog_integration_aws_lambda_arn",
"datadog_integration_aws_log_collection",
"datadog_integration_aws_tag_filter",
"datadog_integration_azure",
"datadog_integration_cloudflare_account",
"datadog_integration_confluent_account",
"datadog_integration_confluent_resource",
"datadog_integration_fastly_account",
"datadog_integration_fastly_service",
"datadog_integration_gcp",
"datadog_integration_gcp_sts",
"datadog_integration_opsgenie_service_object",
"datadog_integration_pagerduty",
"datadog_integration_pagerduty_service_object",
"datadog_integration_slack_channel",
"datadog_ip_allowlist",
"datadog_logs_archive",
"datadog_logs_archive_order",
"datadog_logs_custom_pipeline",
"datadog_logs_index",
"datadog_logs_index_order",
"datadog_logs_integration_pipeline",
"datadog_logs_metric",
"datadog_logs_pipeline_order",
"datadog_metric_metadata",
"datadog_metric_tag_configuration",
"datadog_monitor",
"datadog_monitor_config_policy",
"datadog_monitor_json",
"datadog_organization_settings",
"datadog_powerpack",
"datadog_restriction_policy",
"datadog_role",
"datadog_rum_application",
"datadog_security_monitoring_default_rule",
"datadog_security_monitoring_filter",
"datadog_security_monitoring_rule",
"datadog_sensitive_data_scanner_group",
"datadog_sensitive_data_scanner_group_order",
"datadog_sensitive_data_scanner_rule",
"datadog_service_account",
"datadog_service_account_application_key",
"datadog_service_definition_yaml",
"datadog_service_level_objective",
"datadog_slo_correction",
"datadog_spans_metric",
"datadog_synthetics_concurrency_cap",
"datadog_synthetics_global_variable",
"datadog_synthetics_private_location",
"datadog_synthetics_test",
"datadog_team",
"datadog_team_link",
"datadog_team_membership",
"datadog_team_permission_setting",
"datadog_user",
"datadog_webhook",
"datadog_webhook_custom_variable"
]